(program
  1.0.0
  (con
    string
    "x \u2208 \u211d \u21d2 x\u00b2 \u2265 0; z \u2208 \u2102\\\u211d \u21d2 z\u00b2 \u2209 {x \u2208 \u211d: x \u2265 0}.")
)